Mono path[0] = 'C:/Users/Murat/Projects/RoadRageUnity/Builds/WindowsRelease/RoadRageUnity_Data/Managed'
Mono config path = 'C:/Users/Murat/Projects/RoadRageUnity/Builds/WindowsRelease/MonoBleedingEdge/etc'
CodeReloadManager initialized
Input System module state changed to: Initialized.
[Physics::Module] Initialized fallback backend.
[Physics::Module] Id: 0xdecafbad
Initialize engine version: 6000.5.4f1 (d550df8bd089)
[Subsystems] Discovering subsystems at path C:/Users/Murat/Projects/RoadRageUnity/Builds/WindowsRelease/RoadRageUnity_Data/UnitySubsystems
[D3D12 Device Filter] Vendor Name: NVIDIA
[D3D12 Device Filter] Device Name: NVIDIA GeForce RTX 5060 Ti
[D3D12 Device Filter] Driver Version: 32.0.16.1074
[D3D12 Device Filter] Feature Level: 12.2
[D3D12 Device Filter] Graphics Memory: 16050 MB
[D3D12 Device Filter] Processor Count: 16
[D3D12 Device Filter] Device Type: Discrete
GfxDevice: creating device client; kGfxThreadingModeSplitJobs
d3d12: failed to query info queue interface (0x80004002).
Direct3D:
    Version:         Direct3D 12 [level 12.2]
    Renderer:        NVIDIA GeForce RTX 5060 Ti (ID=0x2d04)
    Vendor:          NVIDIA
    VRAM:            16050 MB
    App VRAM Budget: 15282 MB
    Driver:          32.0.16.1074
Begin MonoManager ReloadAssembly
- Finished resetting the current domain, in  0.023 seconds
[Physics::Module] Selected backend.
[Physics::Module] Name: PhysX
[Physics::Module] Id: 0xf2b8ea05
[Physics::Module] SDK Version: 4.1.2
[Physics::Module] Integration Version: 1.0.0
[Physics::Module] Threading Mode: Multi-Threaded
<RI> Initializing input.
<RI> Input initialized.
UnloadTime: 0.633400 ms
PlayerPrefsException: Could not store preference value
  at UnityEngine.PlayerPrefs.SetString (System.String key, System.String value) [0x00013] in <bfb6d1adda664d23abd04bfc52fa9d39>:0 
  at RoadRage.UnityRemake.GameState.SaveMissions () [0x00000] in <6548b52126d24a53b4c16beb3360a15b>:0 
  at RoadRage.UnityRemake.GameState.RollDailyMissions () [0x0013f] in <6548b52126d24a53b4c16beb3360a15b>:0 
  at RoadRage.UnityRemake.RoadRageBootstrap.Awake () [0x00028] in <6548b52126d24a53b4c16beb3360a15b>:0 
UnityEngine.GameObject:Internal_AddComponentWithType_Injected(IntPtr, Type)
UnityEngine.GameObject:Internal_AddComponentWithType(Type)
UnityEngine.GameObject:AddComponent(Type)
UnityEngine.GameObject:AddComponent()
RoadRage.UnityRemake.RoadRageBootstrap:EnsureWorld()

Default audio device was changed, but the audio system failed to initialize it. Attempting to reset sound system.
